// Jest Snapshot v1, https://goo.gl/fbAQLP

exports[`Driver results page matches snapshot 1`] = `
<div>
  <div
    class="main-heading"
  >
    <a>
      View overall standings
    </a>
    <h2>
      Driver results
    </h2>
  </div>
  <div
    class="main-content"
  >
    <span
      class="card"
    >
      <h3>
        brix
        <span>
          â†’
        </span>
      </h3>
      <p>
        Position - 
        6
      </p>
      <p>
        Points - 
        12
      </p>
    </span>
  </div>
</div>
`;
